TimeQuest Timing Analyzer report for Mips
Thu Nov 12 07:44:31 2015
Quartus II 64-Bit Version 13.0.1 Build 232 06/12/2013 Service Pack 1 SJ Full Version


---------------------
; Table of Contents ;
---------------------
  1. Legal Notice
  2. TimeQuest Timing Analyzer Summary
  3. Parallel Compilation
  4. Clocks
  5. Slow Model Fmax Summary
  6. Slow Model Setup Summary
  7. Slow Model Hold Summary
  8. Slow Model Recovery Summary
  9. Slow Model Removal Summary
 10. Slow Model Minimum Pulse Width Summary
 11. Slow Model Minimum Pulse Width: 'altera_reserved_tck'
 12. Propagation Delay
 13. Minimum Propagation Delay
 14. Fast Model Setup Summary
 15. Fast Model Hold Summary
 16. Fast Model Recovery Summary
 17. Fast Model Removal Summary
 18. Fast Model Minimum Pulse Width Summary
 19. Fast Model Minimum Pulse Width: 'altera_reserved_tck'
 20. Propagation Delay
 21. Minimum Propagation Delay
 22. Multicorner Timing Analysis Summary
 23. Progagation Delay
 24. Minimum Progagation Delay
 25. Clock Transfers
 26. Report TCCS
 27. Report RSKM
 28. Unconstrained Paths
 29. TimeQuest Timing Analyzer Messages



----------------
; Legal Notice ;
----------------
Copyright (C) 1991-2013 Altera Corporation
Your use of Altera Corporation's design tools, logic functions 
and other software and tools, and its AMPP partner logic 
functions, and any output files from any of the foregoing 
(including device programming or simulation files), and any 
associated documentation or information are expressly subject 
to the terms and conditions of the Altera Program License 
Subscription Agreement, Altera MegaCore Function License 
Agreement, or other applicable license agreement, including, 
without limitation, that your use is for the sole purpose of 
programming logic devices manufactured by Altera and sold by 
Altera or its authorized distributors.  Please refer to the 
applicable agreement for further details.



+-----------------------------------------------------------------------------------------+
; TimeQuest Timing Analyzer Summary                                                       ;
+--------------------+--------------------------------------------------------------------+
; Quartus II Version ; Version 13.0.1 Build 232 06/12/2013 Service Pack 1 SJ Full Version ;
; Revision Name      ; Mips                                                               ;
; Device Family      ; Cyclone II                                                         ;
; Device Name        ; EP2C35F672C6                                                       ;
; Timing Models      ; Final                                                              ;
; Delay Model        ; Combined                                                           ;
; Rise/Fall Delays   ; Unavailable                                                        ;
+--------------------+--------------------------------------------------------------------+


+------------------------------------------+
; Parallel Compilation                     ;
+----------------------------+-------------+
; Processors                 ; Number      ;
+----------------------------+-------------+
; Number detected on machine ; 4           ;
; Maximum allowed            ; 2           ;
;                            ;             ;
; Average used               ; 1.00        ;
; Maximum used               ; 1           ;
;                            ;             ;
; Usage by Processor         ; % Time Used ;
;     Processor 1            ; 100.0%      ;
;     Processors 2-4         ;   0.0%      ;
+----------------------------+-------------+


+-----------------------------------------------------------------------------------------------------------------------------------------------------------------------------------------------------------+
; Clocks                                                                                                                                                                                                    ;
+---------------------+------+---------+-----------+-------+--------+------------+-----------+-------------+-------+--------+-----------+------------+----------+--------+--------+-------------------------+
; Clock Name          ; Type ; Period  ; Frequency ; Rise  ; Fall   ; Duty Cycle ; Divide by ; Multiply by ; Phase ; Offset ; Edge List ; Edge Shift ; Inverted ; Master ; Source ; Targets                 ;
+---------------------+------+---------+-----------+-------+--------+------------+-----------+-------------+-------+--------+-----------+------------+----------+--------+--------+-------------------------+
; altera_reserved_tck ; Base ; 100.000 ; 10.0 MHz  ; 0.000 ; 50.000 ;            ;           ;             ;       ;        ;           ;            ;          ;        ;        ; { altera_reserved_tck } ;
+---------------------+------+---------+-----------+-------+--------+------------+-----------+-------------+-------+--------+-----------+------------+----------+--------+--------+-------------------------+


---------------------------
; Slow Model Fmax Summary ;
---------------------------
No paths to report.


----------------------------
; Slow Model Setup Summary ;
----------------------------
No paths to report.


---------------------------
; Slow Model Hold Summary ;
---------------------------
No paths to report.


-------------------------------
; Slow Model Recovery Summary ;
-------------------------------
No paths to report.


------------------------------
; Slow Model Removal Summary ;
------------------------------
No paths to report.


+----------------------------------------------+
; Slow Model Minimum Pulse Width Summary       ;
+---------------------+--------+---------------+
; Clock               ; Slack  ; End Point TNS ;
+---------------------+--------+---------------+
; altera_reserved_tck ; 97.778 ; 0.000         ;
+---------------------+--------+---------------+


+-------------------------------------------------------------------------------------------------------------+
; Slow Model Minimum Pulse Width: 'altera_reserved_tck'                                                       ;
+--------+--------------+----------------+-----------+---------------------+------------+---------------------+
; Slack  ; Actual Width ; Required Width ; Type      ; Clock               ; Clock Edge ; Target              ;
+--------+--------------+----------------+-----------+---------------------+------------+---------------------+
; 97.778 ; 100.000      ; 2.222          ; Port Rate ; altera_reserved_tck ; Rise       ; altera_reserved_tck ;
+--------+--------------+----------------+-----------+---------------------+------------+---------------------+


+--------------------------------------------------------------+
; Propagation Delay                                            ;
+------------+-------------+--------+--------+--------+--------+
; Input Port ; Output Port ; RR     ; RF     ; FR     ; FF     ;
+------------+-------------+--------+--------+--------+--------+
; SW[11]     ; HEX6[0]     ; 11.259 ; 11.259 ; 11.259 ; 11.259 ;
; SW[11]     ; HEX6[1]     ; 11.472 ; 11.472 ; 11.472 ; 11.472 ;
; SW[11]     ; HEX6[2]     ; 11.440 ; 11.440 ; 11.440 ; 11.440 ;
; SW[11]     ; HEX6[3]     ; 11.284 ; 11.284 ; 11.284 ; 11.284 ;
; SW[11]     ; HEX6[4]     ; 11.285 ; 11.285 ; 11.285 ; 11.285 ;
; SW[11]     ; HEX6[5]     ; 11.698 ; 11.698 ; 11.698 ; 11.698 ;
; SW[11]     ; HEX6[6]     ; 12.115 ; 12.115 ; 12.115 ; 12.115 ;
; SW[12]     ; HEX6[0]     ; 11.424 ; 11.424 ; 11.424 ; 11.424 ;
; SW[12]     ; HEX6[1]     ; 11.637 ; 11.637 ; 11.637 ; 11.637 ;
; SW[12]     ; HEX6[2]     ; 11.605 ; 11.605 ; 11.605 ; 11.605 ;
; SW[12]     ; HEX6[3]     ; 11.449 ; 11.449 ; 11.449 ; 11.449 ;
; SW[12]     ; HEX6[4]     ; 11.450 ; 11.450 ; 11.450 ; 11.450 ;
; SW[12]     ; HEX6[5]     ; 11.863 ; 11.863 ; 11.863 ; 11.863 ;
; SW[12]     ; HEX6[6]     ; 12.280 ; 12.280 ; 12.280 ; 12.280 ;
; SW[13]     ; HEX6[0]     ; 15.769 ; 15.769 ; 15.769 ; 15.769 ;
; SW[13]     ; HEX6[1]     ; 15.982 ; 15.982 ; 15.982 ; 15.982 ;
; SW[13]     ; HEX6[2]     ; 15.979 ; 15.979 ; 15.979 ; 15.979 ;
; SW[13]     ; HEX6[3]     ; 15.780 ; 15.780 ; 15.780 ; 15.780 ;
; SW[13]     ; HEX6[4]     ; 15.787 ; 15.787 ; 15.787 ; 15.787 ;
; SW[13]     ; HEX6[5]     ; 16.200 ; 16.200 ; 16.200 ; 16.200 ;
; SW[13]     ; HEX6[6]     ; 16.618 ; 16.618 ; 16.618 ; 16.618 ;
; SW[14]     ; HEX6[0]     ; 15.427 ; 15.427 ; 15.427 ; 15.427 ;
; SW[14]     ; HEX6[1]     ; 15.640 ; 15.640 ; 15.640 ; 15.640 ;
; SW[14]     ; HEX6[2]     ; 15.637 ; 15.637 ; 15.637 ; 15.637 ;
; SW[14]     ; HEX6[3]     ; 15.438 ; 15.438 ; 15.438 ; 15.438 ;
; SW[14]     ; HEX6[4]     ; 15.445 ; 15.445 ; 15.445 ; 15.445 ;
; SW[14]     ; HEX6[5]     ; 15.858 ; 15.858 ; 15.858 ; 15.858 ;
; SW[14]     ; HEX6[6]     ; 16.276 ; 16.276 ; 16.276 ; 16.276 ;
; SW[15]     ; HEX7[0]     ; 18.649 ; 18.649 ; 18.649 ; 18.649 ;
; SW[15]     ; HEX7[1]     ; 18.635 ; 18.635 ; 18.635 ; 18.635 ;
; SW[15]     ; HEX7[2]     ; 18.616 ; 18.616 ; 18.616 ; 18.616 ;
; SW[15]     ; HEX7[3]     ; 18.623 ; 18.623 ; 18.623 ; 18.623 ;
; SW[15]     ; HEX7[4]     ; 18.605 ; 18.605 ; 18.605 ; 18.605 ;
; SW[15]     ; HEX7[5]     ; 18.908 ; 18.908 ; 18.908 ; 18.908 ;
; SW[15]     ; HEX7[6]     ; 18.921 ; 18.921 ; 18.921 ; 18.921 ;
; SW[15]     ; LEDR[0]     ; 18.354 ; 18.354 ; 18.354 ; 18.354 ;
; SW[15]     ; LEDR[1]     ; 16.557 ; 16.557 ; 16.557 ; 16.557 ;
; SW[15]     ; LEDR[2]     ; 17.694 ; 17.694 ; 17.694 ; 17.694 ;
; SW[15]     ; LEDR[3]     ; 15.157 ; 15.157 ; 15.157 ; 15.157 ;
; SW[15]     ; LEDR[4]     ; 17.541 ; 17.541 ; 17.541 ; 17.541 ;
; SW[15]     ; LEDR[5]     ; 16.394 ; 16.394 ; 16.394 ; 16.394 ;
; SW[15]     ; LEDR[6]     ; 17.787 ; 17.787 ; 17.787 ; 17.787 ;
; SW[15]     ; LEDR[7]     ; 16.887 ; 16.887 ; 16.887 ; 16.887 ;
; SW[15]     ; LEDR[8]     ; 15.556 ; 15.556 ; 15.556 ; 15.556 ;
; SW[15]     ; LEDR[9]     ; 17.249 ; 17.249 ; 17.249 ; 17.249 ;
; SW[15]     ; LEDR[10]    ; 16.125 ; 16.125 ; 16.125 ; 16.125 ;
; SW[15]     ; LEDR[11]    ; 15.668 ; 15.668 ; 15.668 ; 15.668 ;
; SW[15]     ; LEDR[12]    ; 15.916 ; 15.916 ; 15.916 ; 15.916 ;
; SW[15]     ; LEDR[13]    ; 15.228 ; 15.228 ; 15.228 ; 15.228 ;
; SW[15]     ; LEDR[14]    ; 14.822 ; 14.822 ; 14.822 ; 14.822 ;
; SW[15]     ; LEDR[15]    ; 16.945 ; 16.945 ; 16.945 ; 16.945 ;
; SW[16]     ; HEX7[0]     ; 18.479 ; 18.479 ; 18.479 ; 18.479 ;
; SW[16]     ; HEX7[1]     ; 18.465 ; 18.465 ; 18.465 ; 18.465 ;
; SW[16]     ; HEX7[2]     ; 18.446 ; 18.446 ; 18.446 ; 18.446 ;
; SW[16]     ; HEX7[3]     ; 18.453 ; 18.453 ; 18.453 ; 18.453 ;
; SW[16]     ; HEX7[4]     ; 18.435 ; 18.435 ; 18.435 ; 18.435 ;
; SW[16]     ; HEX7[5]     ; 18.738 ; 18.738 ; 18.738 ; 18.738 ;
; SW[16]     ; HEX7[6]     ; 18.751 ; 18.751 ; 18.751 ; 18.751 ;
; SW[16]     ; LEDR[0]     ; 18.181 ; 18.181 ; 18.181 ; 18.181 ;
; SW[16]     ; LEDR[1]     ; 16.289 ; 16.289 ; 16.289 ; 16.289 ;
; SW[16]     ; LEDR[2]     ; 17.524 ; 17.524 ; 17.524 ; 17.524 ;
; SW[16]     ; LEDR[3]     ; 15.260 ; 15.260 ; 15.260 ; 15.260 ;
; SW[16]     ; LEDR[4]     ; 17.384 ; 17.384 ; 17.384 ; 17.384 ;
; SW[16]     ; LEDR[5]     ; 16.495 ; 16.495 ; 16.495 ; 16.495 ;
; SW[16]     ; LEDR[6]     ; 17.150 ; 17.150 ; 17.150 ; 17.150 ;
; SW[16]     ; LEDR[7]     ; 16.626 ; 16.626 ; 16.626 ; 16.626 ;
; SW[16]     ; LEDR[8]     ; 15.400 ; 15.400 ; 15.400 ; 15.400 ;
; SW[16]     ; LEDR[9]     ; 17.160 ; 17.160 ; 17.160 ; 17.160 ;
; SW[16]     ; LEDR[10]    ; 16.041 ; 16.041 ; 16.041 ; 16.041 ;
; SW[16]     ; LEDR[11]    ; 15.404 ; 15.404 ; 15.404 ; 15.404 ;
; SW[16]     ; LEDR[12]    ; 15.833 ; 15.833 ; 15.833 ; 15.833 ;
; SW[16]     ; LEDR[13]    ; 15.144 ; 15.144 ; 15.144 ; 15.144 ;
; SW[16]     ; LEDR[14]    ; 15.338 ; 15.338 ; 15.338 ; 15.338 ;
; SW[16]     ; LEDR[15]    ; 16.852 ; 16.852 ; 16.852 ; 16.852 ;
; SW[17]     ; HEX7[0]     ; 17.272 ; 17.272 ; 17.272 ; 17.272 ;
; SW[17]     ; HEX7[1]     ; 17.258 ; 17.258 ; 17.258 ; 17.258 ;
; SW[17]     ; HEX7[2]     ; 17.239 ; 17.239 ; 17.239 ; 17.239 ;
; SW[17]     ; HEX7[3]     ; 17.246 ; 17.246 ; 17.246 ; 17.246 ;
; SW[17]     ; HEX7[4]     ; 17.228 ; 17.228 ; 17.228 ; 17.228 ;
; SW[17]     ; HEX7[5]     ; 17.531 ; 17.531 ; 17.531 ; 17.531 ;
; SW[17]     ; HEX7[6]     ; 17.544 ; 17.544 ; 17.544 ; 17.544 ;
; SW[17]     ; LEDR[0]     ; 16.975 ; 16.975 ; 16.975 ; 16.975 ;
; SW[17]     ; LEDR[1]     ; 15.317 ; 15.317 ; 15.317 ; 15.317 ;
; SW[17]     ; LEDR[2]     ; 16.317 ; 16.317 ; 16.317 ; 16.317 ;
; SW[17]     ; LEDR[3]     ; 15.004 ; 15.004 ; 15.004 ; 15.004 ;
; SW[17]     ; LEDR[4]     ; 16.497 ; 16.497 ; 16.497 ; 16.497 ;
; SW[17]     ; LEDR[5]     ; 16.241 ; 16.241 ; 16.241 ; 16.241 ;
; SW[17]     ; LEDR[6]     ; 15.752 ; 15.752 ; 15.752 ; 15.752 ;
; SW[17]     ; LEDR[7]     ; 15.992 ; 15.992 ; 15.992 ; 15.992 ;
; SW[17]     ; LEDR[8]     ; 14.649 ; 14.649 ; 14.649 ; 14.649 ;
; SW[17]     ; LEDR[9]     ; 14.983 ; 14.983 ; 14.983 ; 14.983 ;
; SW[17]     ; LEDR[10]    ; 14.054 ; 14.054 ; 14.054 ; 14.054 ;
; SW[17]     ; LEDR[11]    ; 14.805 ; 14.805 ; 14.805 ; 14.805 ;
; SW[17]     ; LEDR[12]    ; 14.642 ; 14.642 ; 14.642 ; 14.642 ;
; SW[17]     ; LEDR[13]    ; 13.790 ; 13.790 ; 13.790 ; 13.790 ;
; SW[17]     ; LEDR[14]    ; 14.269 ; 14.269 ; 14.269 ; 14.269 ;
; SW[17]     ; LEDR[15]    ; 15.775 ; 15.775 ; 15.775 ; 15.775 ;
+------------+-------------+--------+--------+--------+--------+


+--------------------------------------------------------------+
; Minimum Propagation Delay                                    ;
+------------+-------------+--------+--------+--------+--------+
; Input Port ; Output Port ; RR     ; RF     ; FR     ; FF     ;
+------------+-------------+--------+--------+--------+--------+
; SW[11]     ; HEX6[0]     ; 7.775  ; 7.775  ; 7.775  ; 7.775  ;
; SW[11]     ; HEX6[1]     ; 7.988  ; 7.988  ; 7.988  ; 7.988  ;
; SW[11]     ; HEX6[2]     ; 7.988  ; 7.988  ; 7.988  ; 7.988  ;
; SW[11]     ; HEX6[3]     ; 7.786  ; 7.786  ; 7.786  ; 7.786  ;
; SW[11]     ; HEX6[4]     ; 7.788  ; 7.788  ; 7.788  ; 7.788  ;
; SW[11]     ; HEX6[5]     ; 8.201  ; 8.201  ; 8.201  ; 8.201  ;
; SW[11]     ; HEX6[6]     ; 8.619  ; 8.619  ; 8.619  ; 8.619  ;
; SW[12]     ; HEX6[0]     ; 7.867  ; 7.867  ; 7.867  ; 7.867  ;
; SW[12]     ; HEX6[1]     ; 8.080  ; 8.080  ; 8.080  ; 8.080  ;
; SW[12]     ; HEX6[2]     ; 8.077  ; 8.077  ; 8.077  ; 8.077  ;
; SW[12]     ; HEX6[3]     ; 7.878  ; 7.878  ; 7.878  ; 7.878  ;
; SW[12]     ; HEX6[4]     ; 7.885  ; 7.885  ; 7.885  ; 7.885  ;
; SW[12]     ; HEX6[5]     ; 8.298  ; 8.298  ; 8.298  ; 8.298  ;
; SW[12]     ; HEX6[6]     ; 8.716  ; 8.716  ; 8.716  ; 8.716  ;
; SW[13]     ; HEX6[0]     ; 12.160 ; 12.160 ; 12.160 ; 12.160 ;
; SW[13]     ; HEX6[1]     ; 12.373 ; 12.373 ; 12.373 ; 12.373 ;
; SW[13]     ; HEX6[2]     ; 12.370 ; 12.370 ; 12.370 ; 12.370 ;
; SW[13]     ; HEX6[3]     ; 12.181 ; 12.181 ; 12.181 ; 12.181 ;
; SW[13]     ; HEX6[4]     ; 12.183 ; 12.183 ; 12.183 ; 12.183 ;
; SW[13]     ; HEX6[5]     ; 12.596 ; 12.596 ; 12.596 ; 12.596 ;
; SW[13]     ; HEX6[6]     ; 13.014 ; 13.014 ; 13.014 ; 13.014 ;
; SW[14]     ; HEX6[0]     ; 13.272 ; 13.272 ; 13.272 ; 13.272 ;
; SW[14]     ; HEX6[1]     ; 13.485 ; 13.485 ; 13.485 ; 13.485 ;
; SW[14]     ; HEX6[2]     ; 13.453 ; 13.453 ; 13.453 ; 13.453 ;
; SW[14]     ; HEX6[3]     ; 13.297 ; 13.297 ; 13.297 ; 13.297 ;
; SW[14]     ; HEX6[4]     ; 13.298 ; 13.298 ; 13.298 ; 13.298 ;
; SW[14]     ; HEX6[5]     ; 13.711 ; 13.711 ; 13.711 ; 13.711 ;
; SW[14]     ; HEX6[6]     ; 14.128 ; 14.128 ; 14.128 ; 14.128 ;
; SW[15]     ; HEX7[0]     ; 14.643 ; 14.643 ; 14.643 ; 14.643 ;
; SW[15]     ; HEX7[1]     ; 14.648 ; 14.648 ; 14.648 ; 14.648 ;
; SW[15]     ; HEX7[2]     ; 14.609 ; 14.609 ; 14.609 ; 14.609 ;
; SW[15]     ; HEX7[3]     ; 14.624 ; 14.624 ; 14.624 ; 14.624 ;
; SW[15]     ; HEX7[4]     ; 14.619 ; 14.619 ; 14.619 ; 14.619 ;
; SW[15]     ; HEX7[5]     ; 14.938 ; 14.938 ; 14.938 ; 14.938 ;
; SW[15]     ; HEX7[6]     ; 14.919 ; 14.919 ; 14.919 ; 14.919 ;
; SW[15]     ; LEDR[0]     ; 16.939 ; 16.939 ; 16.939 ; 16.939 ;
; SW[15]     ; LEDR[1]     ; 15.232 ; 15.232 ; 15.232 ; 15.232 ;
; SW[15]     ; LEDR[2]     ; 16.152 ; 16.152 ; 16.152 ; 16.152 ;
; SW[15]     ; LEDR[3]     ; 13.952 ; 13.952 ; 13.952 ; 13.952 ;
; SW[15]     ; LEDR[4]     ; 16.617 ; 16.617 ; 16.617 ; 16.617 ;
; SW[15]     ; LEDR[5]     ; 15.578 ; 15.578 ; 15.578 ; 15.578 ;
; SW[15]     ; LEDR[6]     ; 15.490 ; 15.490 ; 15.490 ; 15.490 ;
; SW[15]     ; LEDR[7]     ; 15.451 ; 15.451 ; 15.451 ; 15.451 ;
; SW[15]     ; LEDR[8]     ; 14.623 ; 14.623 ; 14.623 ; 14.623 ;
; SW[15]     ; LEDR[9]     ; 15.102 ; 15.102 ; 15.102 ; 15.102 ;
; SW[15]     ; LEDR[10]    ; 14.171 ; 14.171 ; 14.171 ; 14.171 ;
; SW[15]     ; LEDR[11]    ; 14.269 ; 14.269 ; 14.269 ; 14.269 ;
; SW[15]     ; LEDR[12]    ; 14.605 ; 14.605 ; 14.605 ; 14.605 ;
; SW[15]     ; LEDR[13]    ; 13.755 ; 13.755 ; 13.755 ; 13.755 ;
; SW[15]     ; LEDR[14]    ; 14.218 ; 14.218 ; 14.218 ; 14.218 ;
; SW[15]     ; LEDR[15]    ; 15.740 ; 15.740 ; 15.740 ; 15.740 ;
; SW[16]     ; HEX7[0]     ; 14.591 ; 14.591 ; 14.591 ; 14.591 ;
; SW[16]     ; HEX7[1]     ; 14.586 ; 14.586 ; 14.586 ; 14.586 ;
; SW[16]     ; HEX7[2]     ; 14.557 ; 14.557 ; 14.557 ; 14.557 ;
; SW[16]     ; HEX7[3]     ; 14.565 ; 14.565 ; 14.565 ; 14.565 ;
; SW[16]     ; HEX7[4]     ; 14.557 ; 14.557 ; 14.557 ; 14.557 ;
; SW[16]     ; HEX7[5]     ; 14.874 ; 14.874 ; 14.874 ; 14.874 ;
; SW[16]     ; HEX7[6]     ; 14.861 ; 14.861 ; 14.861 ; 14.861 ;
; SW[16]     ; LEDR[0]     ; 14.673 ; 14.673 ; 14.673 ; 14.673 ;
; SW[16]     ; LEDR[1]     ; 14.158 ; 14.158 ; 14.158 ; 14.158 ;
; SW[16]     ; LEDR[2]     ; 15.010 ; 15.010 ; 15.010 ; 15.010 ;
; SW[16]     ; LEDR[3]     ; 13.919 ; 13.919 ; 13.919 ; 13.919 ;
; SW[16]     ; LEDR[4]     ; 15.325 ; 15.325 ; 15.325 ; 15.325 ;
; SW[16]     ; LEDR[5]     ; 15.596 ; 15.596 ; 15.596 ; 15.596 ;
; SW[16]     ; LEDR[6]     ; 15.235 ; 15.235 ; 15.235 ; 15.235 ;
; SW[16]     ; LEDR[7]     ; 15.320 ; 15.320 ; 15.320 ; 15.320 ;
; SW[16]     ; LEDR[8]     ; 14.137 ; 14.137 ; 14.137 ; 14.137 ;
; SW[16]     ; LEDR[9]     ; 13.679 ; 13.679 ; 13.679 ; 13.679 ;
; SW[16]     ; LEDR[10]    ; 12.961 ; 12.961 ; 12.961 ; 12.961 ;
; SW[16]     ; LEDR[11]    ; 13.286 ; 13.286 ; 13.286 ; 13.286 ;
; SW[16]     ; LEDR[12]    ; 12.903 ; 12.903 ; 12.903 ; 12.903 ;
; SW[16]     ; LEDR[13]    ; 13.019 ; 13.019 ; 13.019 ; 13.019 ;
; SW[16]     ; LEDR[14]    ; 13.434 ; 13.434 ; 13.434 ; 13.434 ;
; SW[16]     ; LEDR[15]    ; 13.605 ; 13.605 ; 13.605 ; 13.605 ;
; SW[17]     ; HEX7[0]     ; 14.820 ; 14.820 ; 14.820 ; 14.820 ;
; SW[17]     ; HEX7[1]     ; 14.815 ; 14.815 ; 14.815 ; 14.815 ;
; SW[17]     ; HEX7[2]     ; 14.786 ; 14.786 ; 14.786 ; 14.786 ;
; SW[17]     ; HEX7[3]     ; 14.794 ; 14.794 ; 14.794 ; 14.794 ;
; SW[17]     ; HEX7[4]     ; 14.786 ; 14.786 ; 14.786 ; 14.786 ;
; SW[17]     ; HEX7[5]     ; 15.103 ; 15.103 ; 15.103 ; 15.103 ;
; SW[17]     ; HEX7[6]     ; 15.090 ; 15.090 ; 15.090 ; 15.090 ;
; SW[17]     ; LEDR[0]     ; 14.902 ; 14.902 ; 14.902 ; 14.902 ;
; SW[17]     ; LEDR[1]     ; 14.387 ; 14.387 ; 14.387 ; 14.387 ;
; SW[17]     ; LEDR[2]     ; 15.239 ; 15.239 ; 15.239 ; 15.239 ;
; SW[17]     ; LEDR[3]     ; 14.148 ; 14.148 ; 14.148 ; 14.148 ;
; SW[17]     ; LEDR[4]     ; 15.554 ; 15.554 ; 15.554 ; 15.554 ;
; SW[17]     ; LEDR[5]     ; 15.825 ; 15.825 ; 15.825 ; 15.825 ;
; SW[17]     ; LEDR[6]     ; 15.337 ; 15.337 ; 15.337 ; 15.337 ;
; SW[17]     ; LEDR[7]     ; 15.549 ; 15.549 ; 15.549 ; 15.549 ;
; SW[17]     ; LEDR[8]     ; 14.366 ; 14.366 ; 14.366 ; 14.366 ;
; SW[17]     ; LEDR[9]     ; 13.908 ; 13.908 ; 13.908 ; 13.908 ;
; SW[17]     ; LEDR[10]    ; 13.190 ; 13.190 ; 13.190 ; 13.190 ;
; SW[17]     ; LEDR[11]    ; 13.515 ; 13.515 ; 13.515 ; 13.515 ;
; SW[17]     ; LEDR[12]    ; 13.132 ; 13.132 ; 13.132 ; 13.132 ;
; SW[17]     ; LEDR[13]    ; 13.248 ; 13.248 ; 13.248 ; 13.248 ;
; SW[17]     ; LEDR[14]    ; 13.663 ; 13.663 ; 13.663 ; 13.663 ;
; SW[17]     ; LEDR[15]    ; 13.834 ; 13.834 ; 13.834 ; 13.834 ;
+------------+-------------+--------+--------+--------+--------+


----------------------------
; Fast Model Setup Summary ;
----------------------------
No paths to report.


---------------------------
; Fast Model Hold Summary ;
---------------------------
No paths to report.


-------------------------------
; Fast Model Recovery Summary ;
-------------------------------
No paths to report.


------------------------------
; Fast Model Removal Summary ;
------------------------------
No paths to report.


+----------------------------------------------+
; Fast Model Minimum Pulse Width Summary       ;
+---------------------+--------+---------------+
; Clock               ; Slack  ; End Point TNS ;
+---------------------+--------+---------------+
; altera_reserved_tck ; 97.778 ; 0.000         ;
+---------------------+--------+---------------+


+-------------------------------------------------------------------------------------------------------------+
; Fast Model Minimum Pulse Width: 'altera_reserved_tck'                                                       ;
+--------+--------------+----------------+-----------+---------------------+------------+---------------------+
; Slack  ; Actual Width ; Required Width ; Type      ; Clock               ; Clock Edge ; Target              ;
+--------+--------------+----------------+-----------+---------------------+------------+---------------------+
; 97.778 ; 100.000      ; 2.222          ; Port Rate ; altera_reserved_tck ; Rise       ; altera_reserved_tck ;
+--------+--------------+----------------+-----------+---------------------+------------+---------------------+


+----------------------------------------------------------+
; Propagation Delay                                        ;
+------------+-------------+-------+-------+-------+-------+
; Input Port ; Output Port ; RR    ; RF    ; FR    ; FF    ;
+------------+-------------+-------+-------+-------+-------+
; SW[11]     ; HEX6[0]     ; 5.494 ; 5.494 ; 5.494 ; 5.494 ;
; SW[11]     ; HEX6[1]     ; 5.586 ; 5.586 ; 5.586 ; 5.586 ;
; SW[11]     ; HEX6[2]     ; 5.586 ; 5.586 ; 5.586 ; 5.586 ;
; SW[11]     ; HEX6[3]     ; 5.519 ; 5.519 ; 5.519 ; 5.519 ;
; SW[11]     ; HEX6[4]     ; 5.517 ; 5.517 ; 5.517 ; 5.517 ;
; SW[11]     ; HEX6[5]     ; 5.693 ; 5.693 ; 5.693 ; 5.693 ;
; SW[11]     ; HEX6[6]     ; 5.877 ; 5.877 ; 5.877 ; 5.877 ;
; SW[12]     ; HEX6[0]     ; 5.561 ; 5.561 ; 5.561 ; 5.561 ;
; SW[12]     ; HEX6[1]     ; 5.653 ; 5.653 ; 5.653 ; 5.653 ;
; SW[12]     ; HEX6[2]     ; 5.653 ; 5.653 ; 5.653 ; 5.653 ;
; SW[12]     ; HEX6[3]     ; 5.586 ; 5.586 ; 5.586 ; 5.586 ;
; SW[12]     ; HEX6[4]     ; 5.584 ; 5.584 ; 5.584 ; 5.584 ;
; SW[12]     ; HEX6[5]     ; 5.760 ; 5.760 ; 5.760 ; 5.760 ;
; SW[12]     ; HEX6[6]     ; 5.944 ; 5.944 ; 5.944 ; 5.944 ;
; SW[13]     ; HEX6[0]     ; 8.234 ; 8.234 ; 8.234 ; 8.234 ;
; SW[13]     ; HEX6[1]     ; 8.325 ; 8.325 ; 8.325 ; 8.325 ;
; SW[13]     ; HEX6[2]     ; 8.329 ; 8.329 ; 8.329 ; 8.329 ;
; SW[13]     ; HEX6[3]     ; 8.252 ; 8.252 ; 8.252 ; 8.252 ;
; SW[13]     ; HEX6[4]     ; 8.251 ; 8.251 ; 8.251 ; 8.251 ;
; SW[13]     ; HEX6[5]     ; 8.422 ; 8.422 ; 8.422 ; 8.422 ;
; SW[13]     ; HEX6[6]     ; 8.611 ; 8.611 ; 8.611 ; 8.611 ;
; SW[14]     ; HEX6[0]     ; 8.067 ; 8.067 ; 8.067 ; 8.067 ;
; SW[14]     ; HEX6[1]     ; 8.158 ; 8.158 ; 8.158 ; 8.158 ;
; SW[14]     ; HEX6[2]     ; 8.162 ; 8.162 ; 8.162 ; 8.162 ;
; SW[14]     ; HEX6[3]     ; 8.085 ; 8.085 ; 8.085 ; 8.085 ;
; SW[14]     ; HEX6[4]     ; 8.084 ; 8.084 ; 8.084 ; 8.084 ;
; SW[14]     ; HEX6[5]     ; 8.255 ; 8.255 ; 8.255 ; 8.255 ;
; SW[14]     ; HEX6[6]     ; 8.444 ; 8.444 ; 8.444 ; 8.444 ;
; SW[15]     ; HEX7[0]     ; 9.614 ; 9.614 ; 9.614 ; 9.614 ;
; SW[15]     ; HEX7[1]     ; 9.601 ; 9.601 ; 9.601 ; 9.601 ;
; SW[15]     ; HEX7[2]     ; 9.589 ; 9.589 ; 9.589 ; 9.589 ;
; SW[15]     ; HEX7[3]     ; 9.582 ; 9.582 ; 9.582 ; 9.582 ;
; SW[15]     ; HEX7[4]     ; 9.571 ; 9.571 ; 9.571 ; 9.571 ;
; SW[15]     ; HEX7[5]     ; 9.734 ; 9.734 ; 9.734 ; 9.734 ;
; SW[15]     ; HEX7[6]     ; 9.732 ; 9.732 ; 9.732 ; 9.732 ;
; SW[15]     ; LEDR[0]     ; 9.462 ; 9.462 ; 9.462 ; 9.462 ;
; SW[15]     ; LEDR[1]     ; 8.700 ; 8.700 ; 8.700 ; 8.700 ;
; SW[15]     ; LEDR[2]     ; 9.106 ; 9.106 ; 9.106 ; 9.106 ;
; SW[15]     ; LEDR[3]     ; 8.074 ; 8.074 ; 8.074 ; 8.074 ;
; SW[15]     ; LEDR[4]     ; 9.052 ; 9.052 ; 9.052 ; 9.052 ;
; SW[15]     ; LEDR[5]     ; 8.679 ; 8.679 ; 8.679 ; 8.679 ;
; SW[15]     ; LEDR[6]     ; 9.199 ; 9.199 ; 9.199 ; 9.199 ;
; SW[15]     ; LEDR[7]     ; 8.761 ; 8.761 ; 8.761 ; 8.761 ;
; SW[15]     ; LEDR[8]     ; 8.129 ; 8.129 ; 8.129 ; 8.129 ;
; SW[15]     ; LEDR[9]     ; 8.981 ; 8.981 ; 8.981 ; 8.981 ;
; SW[15]     ; LEDR[10]    ; 8.431 ; 8.431 ; 8.431 ; 8.431 ;
; SW[15]     ; LEDR[11]    ; 8.197 ; 8.197 ; 8.197 ; 8.197 ;
; SW[15]     ; LEDR[12]    ; 8.276 ; 8.276 ; 8.276 ; 8.276 ;
; SW[15]     ; LEDR[13]    ; 7.983 ; 7.983 ; 7.983 ; 7.983 ;
; SW[15]     ; LEDR[14]    ; 7.831 ; 7.831 ; 7.831 ; 7.831 ;
; SW[15]     ; LEDR[15]    ; 8.830 ; 8.830 ; 8.830 ; 8.830 ;
; SW[16]     ; HEX7[0]     ; 9.549 ; 9.549 ; 9.549 ; 9.549 ;
; SW[16]     ; HEX7[1]     ; 9.536 ; 9.536 ; 9.536 ; 9.536 ;
; SW[16]     ; HEX7[2]     ; 9.524 ; 9.524 ; 9.524 ; 9.524 ;
; SW[16]     ; HEX7[3]     ; 9.517 ; 9.517 ; 9.517 ; 9.517 ;
; SW[16]     ; HEX7[4]     ; 9.506 ; 9.506 ; 9.506 ; 9.506 ;
; SW[16]     ; HEX7[5]     ; 9.669 ; 9.669 ; 9.669 ; 9.669 ;
; SW[16]     ; HEX7[6]     ; 9.667 ; 9.667 ; 9.667 ; 9.667 ;
; SW[16]     ; LEDR[0]     ; 9.398 ; 9.398 ; 9.398 ; 9.398 ;
; SW[16]     ; LEDR[1]     ; 8.573 ; 8.573 ; 8.573 ; 8.573 ;
; SW[16]     ; LEDR[2]     ; 9.041 ; 9.041 ; 9.041 ; 9.041 ;
; SW[16]     ; LEDR[3]     ; 8.130 ; 8.130 ; 8.130 ; 8.130 ;
; SW[16]     ; LEDR[4]     ; 8.995 ; 8.995 ; 8.995 ; 8.995 ;
; SW[16]     ; LEDR[5]     ; 8.734 ; 8.734 ; 8.734 ; 8.734 ;
; SW[16]     ; LEDR[6]     ; 8.909 ; 8.909 ; 8.909 ; 8.909 ;
; SW[16]     ; LEDR[7]     ; 8.639 ; 8.639 ; 8.639 ; 8.639 ;
; SW[16]     ; LEDR[8]     ; 8.075 ; 8.075 ; 8.075 ; 8.075 ;
; SW[16]     ; LEDR[9]     ; 8.964 ; 8.964 ; 8.964 ; 8.964 ;
; SW[16]     ; LEDR[10]    ; 8.398 ; 8.398 ; 8.398 ; 8.398 ;
; SW[16]     ; LEDR[11]    ; 8.072 ; 8.072 ; 8.072 ; 8.072 ;
; SW[16]     ; LEDR[12]    ; 8.244 ; 8.244 ; 8.244 ; 8.244 ;
; SW[16]     ; LEDR[13]    ; 7.971 ; 7.971 ; 7.971 ; 7.971 ;
; SW[16]     ; LEDR[14]    ; 8.078 ; 8.078 ; 8.078 ; 8.078 ;
; SW[16]     ; LEDR[15]    ; 8.811 ; 8.811 ; 8.811 ; 8.811 ;
; SW[17]     ; HEX7[0]     ; 9.081 ; 9.081 ; 9.081 ; 9.081 ;
; SW[17]     ; HEX7[1]     ; 9.068 ; 9.068 ; 9.068 ; 9.068 ;
; SW[17]     ; HEX7[2]     ; 9.056 ; 9.056 ; 9.056 ; 9.056 ;
; SW[17]     ; HEX7[3]     ; 9.049 ; 9.049 ; 9.049 ; 9.049 ;
; SW[17]     ; HEX7[4]     ; 9.038 ; 9.038 ; 9.038 ; 9.038 ;
; SW[17]     ; HEX7[5]     ; 9.201 ; 9.201 ; 9.201 ; 9.201 ;
; SW[17]     ; HEX7[6]     ; 9.199 ; 9.199 ; 9.199 ; 9.199 ;
; SW[17]     ; LEDR[0]     ; 8.918 ; 8.918 ; 8.918 ; 8.918 ;
; SW[17]     ; LEDR[1]     ; 8.153 ; 8.153 ; 8.153 ; 8.153 ;
; SW[17]     ; LEDR[2]     ; 8.573 ; 8.573 ; 8.573 ; 8.573 ;
; SW[17]     ; LEDR[3]     ; 8.058 ; 8.058 ; 8.058 ; 8.058 ;
; SW[17]     ; LEDR[4]     ; 8.650 ; 8.650 ; 8.650 ; 8.650 ;
; SW[17]     ; LEDR[5]     ; 8.665 ; 8.665 ; 8.665 ; 8.665 ;
; SW[17]     ; LEDR[6]     ; 8.363 ; 8.363 ; 8.363 ; 8.363 ;
; SW[17]     ; LEDR[7]     ; 8.416 ; 8.416 ; 8.416 ; 8.416 ;
; SW[17]     ; LEDR[8]     ; 7.821 ; 7.821 ; 7.821 ; 7.821 ;
; SW[17]     ; LEDR[9]     ; 7.977 ; 7.977 ; 7.977 ; 7.977 ;
; SW[17]     ; LEDR[10]    ; 7.513 ; 7.513 ; 7.513 ; 7.513 ;
; SW[17]     ; LEDR[11]    ; 7.865 ; 7.865 ; 7.865 ; 7.865 ;
; SW[17]     ; LEDR[12]    ; 7.784 ; 7.784 ; 7.784 ; 7.784 ;
; SW[17]     ; LEDR[13]    ; 7.409 ; 7.409 ; 7.409 ; 7.409 ;
; SW[17]     ; LEDR[14]    ; 7.639 ; 7.639 ; 7.639 ; 7.639 ;
; SW[17]     ; LEDR[15]    ; 8.365 ; 8.365 ; 8.365 ; 8.365 ;
+------------+-------------+-------+-------+-------+-------+


+----------------------------------------------------------+
; Minimum Propagation Delay                                ;
+------------+-------------+-------+-------+-------+-------+
; Input Port ; Output Port ; RR    ; RF    ; FR    ; FF    ;
+------------+-------------+-------+-------+-------+-------+
; SW[11]     ; HEX6[0]     ; 3.953 ; 3.953 ; 3.953 ; 3.953 ;
; SW[11]     ; HEX6[1]     ; 4.044 ; 4.044 ; 4.044 ; 4.044 ;
; SW[11]     ; HEX6[2]     ; 4.052 ; 4.052 ; 4.052 ; 4.052 ;
; SW[11]     ; HEX6[3]     ; 3.967 ; 3.967 ; 3.967 ; 3.967 ;
; SW[11]     ; HEX6[4]     ; 3.966 ; 3.966 ; 3.966 ; 3.966 ;
; SW[11]     ; HEX6[5]     ; 4.134 ; 4.134 ; 4.134 ; 4.134 ;
; SW[11]     ; HEX6[6]     ; 4.326 ; 4.326 ; 4.326 ; 4.326 ;
; SW[12]     ; HEX6[0]     ; 3.991 ; 3.991 ; 3.991 ; 3.991 ;
; SW[12]     ; HEX6[1]     ; 4.082 ; 4.082 ; 4.082 ; 4.082 ;
; SW[12]     ; HEX6[2]     ; 4.086 ; 4.086 ; 4.086 ; 4.086 ;
; SW[12]     ; HEX6[3]     ; 4.009 ; 4.009 ; 4.009 ; 4.009 ;
; SW[12]     ; HEX6[4]     ; 4.008 ; 4.008 ; 4.008 ; 4.008 ;
; SW[12]     ; HEX6[5]     ; 4.179 ; 4.179 ; 4.179 ; 4.179 ;
; SW[12]     ; HEX6[6]     ; 4.368 ; 4.368 ; 4.368 ; 4.368 ;
; SW[13]     ; HEX6[0]     ; 6.630 ; 6.630 ; 6.630 ; 6.630 ;
; SW[13]     ; HEX6[1]     ; 6.721 ; 6.721 ; 6.721 ; 6.721 ;
; SW[13]     ; HEX6[2]     ; 6.723 ; 6.723 ; 6.723 ; 6.723 ;
; SW[13]     ; HEX6[3]     ; 6.653 ; 6.653 ; 6.653 ; 6.653 ;
; SW[13]     ; HEX6[4]     ; 6.652 ; 6.652 ; 6.652 ; 6.652 ;
; SW[13]     ; HEX6[5]     ; 6.821 ; 6.821 ; 6.821 ; 6.821 ;
; SW[13]     ; HEX6[6]     ; 7.013 ; 7.013 ; 7.013 ; 7.013 ;
; SW[14]     ; HEX6[0]     ; 7.121 ; 7.121 ; 7.121 ; 7.121 ;
; SW[14]     ; HEX6[1]     ; 7.213 ; 7.213 ; 7.213 ; 7.213 ;
; SW[14]     ; HEX6[2]     ; 7.213 ; 7.213 ; 7.213 ; 7.213 ;
; SW[14]     ; HEX6[3]     ; 7.146 ; 7.146 ; 7.146 ; 7.146 ;
; SW[14]     ; HEX6[4]     ; 7.144 ; 7.144 ; 7.144 ; 7.144 ;
; SW[14]     ; HEX6[5]     ; 7.320 ; 7.320 ; 7.320 ; 7.320 ;
; SW[14]     ; HEX6[6]     ; 7.504 ; 7.504 ; 7.504 ; 7.504 ;
; SW[15]     ; HEX7[0]     ; 7.768 ; 7.768 ; 7.768 ; 7.768 ;
; SW[15]     ; HEX7[1]     ; 7.773 ; 7.773 ; 7.773 ; 7.773 ;
; SW[15]     ; HEX7[2]     ; 7.739 ; 7.739 ; 7.739 ; 7.739 ;
; SW[15]     ; HEX7[3]     ; 7.743 ; 7.743 ; 7.743 ; 7.743 ;
; SW[15]     ; HEX7[4]     ; 7.743 ; 7.743 ; 7.743 ; 7.743 ;
; SW[15]     ; HEX7[5]     ; 7.900 ; 7.900 ; 7.900 ; 7.900 ;
; SW[15]     ; HEX7[6]     ; 7.894 ; 7.894 ; 7.894 ; 7.894 ;
; SW[15]     ; LEDR[0]     ; 8.883 ; 8.883 ; 8.883 ; 8.883 ;
; SW[15]     ; LEDR[1]     ; 8.040 ; 8.040 ; 8.040 ; 8.040 ;
; SW[15]     ; LEDR[2]     ; 8.412 ; 8.412 ; 8.412 ; 8.412 ;
; SW[15]     ; LEDR[3]     ; 7.501 ; 7.501 ; 7.501 ; 7.501 ;
; SW[15]     ; LEDR[4]     ; 8.663 ; 8.663 ; 8.663 ; 8.663 ;
; SW[15]     ; LEDR[5]     ; 8.308 ; 8.308 ; 8.308 ; 8.308 ;
; SW[15]     ; LEDR[6]     ; 8.170 ; 8.170 ; 8.170 ; 8.170 ;
; SW[15]     ; LEDR[7]     ; 8.095 ; 8.095 ; 8.095 ; 8.095 ;
; SW[15]     ; LEDR[8]     ; 7.732 ; 7.732 ; 7.732 ; 7.732 ;
; SW[15]     ; LEDR[9]     ; 7.991 ; 7.991 ; 7.991 ; 7.991 ;
; SW[15]     ; LEDR[10]    ; 7.526 ; 7.526 ; 7.526 ; 7.526 ;
; SW[15]     ; LEDR[11]    ; 7.550 ; 7.550 ; 7.550 ; 7.550 ;
; SW[15]     ; LEDR[12]    ; 7.750 ; 7.750 ; 7.750 ; 7.750 ;
; SW[15]     ; LEDR[13]    ; 7.336 ; 7.336 ; 7.336 ; 7.336 ;
; SW[15]     ; LEDR[14]    ; 7.579 ; 7.579 ; 7.579 ; 7.579 ;
; SW[15]     ; LEDR[15]    ; 8.330 ; 8.330 ; 8.330 ; 8.330 ;
; SW[16]     ; HEX7[0]     ; 7.744 ; 7.744 ; 7.744 ; 7.744 ;
; SW[16]     ; HEX7[1]     ; 7.739 ; 7.739 ; 7.739 ; 7.739 ;
; SW[16]     ; HEX7[2]     ; 7.712 ; 7.712 ; 7.712 ; 7.712 ;
; SW[16]     ; HEX7[3]     ; 7.715 ; 7.715 ; 7.715 ; 7.715 ;
; SW[16]     ; HEX7[4]     ; 7.710 ; 7.710 ; 7.710 ; 7.710 ;
; SW[16]     ; HEX7[5]     ; 7.869 ; 7.869 ; 7.869 ; 7.869 ;
; SW[16]     ; HEX7[6]     ; 7.865 ; 7.865 ; 7.865 ; 7.865 ;
; SW[16]     ; LEDR[0]     ; 7.837 ; 7.837 ; 7.837 ; 7.837 ;
; SW[16]     ; LEDR[1]     ; 7.663 ; 7.663 ; 7.663 ; 7.663 ;
; SW[16]     ; LEDR[2]     ; 7.985 ; 7.985 ; 7.985 ; 7.985 ;
; SW[16]     ; LEDR[3]     ; 7.563 ; 7.563 ; 7.563 ; 7.563 ;
; SW[16]     ; LEDR[4]     ; 8.134 ; 8.134 ; 8.134 ; 8.134 ;
; SW[16]     ; LEDR[5]     ; 8.385 ; 8.385 ; 8.385 ; 8.385 ;
; SW[16]     ; LEDR[6]     ; 8.105 ; 8.105 ; 8.105 ; 8.105 ;
; SW[16]     ; LEDR[7]     ; 8.121 ; 8.121 ; 8.121 ; 8.121 ;
; SW[16]     ; LEDR[8]     ; 7.569 ; 7.569 ; 7.569 ; 7.569 ;
; SW[16]     ; LEDR[9]     ; 7.368 ; 7.368 ; 7.368 ; 7.368 ;
; SW[16]     ; LEDR[10]    ; 7.031 ; 7.031 ; 7.031 ; 7.031 ;
; SW[16]     ; LEDR[11]    ; 7.188 ; 7.188 ; 7.188 ; 7.188 ;
; SW[16]     ; LEDR[12]    ; 7.029 ; 7.029 ; 7.029 ; 7.029 ;
; SW[16]     ; LEDR[13]    ; 7.055 ; 7.055 ; 7.055 ; 7.055 ;
; SW[16]     ; LEDR[14]    ; 7.275 ; 7.275 ; 7.275 ; 7.275 ;
; SW[16]     ; LEDR[15]    ; 7.395 ; 7.395 ; 7.395 ; 7.395 ;
; SW[17]     ; HEX7[0]     ; 7.866 ; 7.866 ; 7.866 ; 7.866 ;
; SW[17]     ; HEX7[1]     ; 7.861 ; 7.861 ; 7.861 ; 7.861 ;
; SW[17]     ; HEX7[2]     ; 7.834 ; 7.834 ; 7.834 ; 7.834 ;
; SW[17]     ; HEX7[3]     ; 7.837 ; 7.837 ; 7.837 ; 7.837 ;
; SW[17]     ; HEX7[4]     ; 7.832 ; 7.832 ; 7.832 ; 7.832 ;
; SW[17]     ; HEX7[5]     ; 7.991 ; 7.991 ; 7.991 ; 7.991 ;
; SW[17]     ; HEX7[6]     ; 7.987 ; 7.987 ; 7.987 ; 7.987 ;
; SW[17]     ; LEDR[0]     ; 7.959 ; 7.959 ; 7.959 ; 7.959 ;
; SW[17]     ; LEDR[1]     ; 7.785 ; 7.785 ; 7.785 ; 7.785 ;
; SW[17]     ; LEDR[2]     ; 8.107 ; 8.107 ; 8.107 ; 8.107 ;
; SW[17]     ; LEDR[3]     ; 7.685 ; 7.685 ; 7.685 ; 7.685 ;
; SW[17]     ; LEDR[4]     ; 8.256 ; 8.256 ; 8.256 ; 8.256 ;
; SW[17]     ; LEDR[5]     ; 8.507 ; 8.507 ; 8.507 ; 8.507 ;
; SW[17]     ; LEDR[6]     ; 8.156 ; 8.156 ; 8.156 ; 8.156 ;
; SW[17]     ; LEDR[7]     ; 8.243 ; 8.243 ; 8.243 ; 8.243 ;
; SW[17]     ; LEDR[8]     ; 7.691 ; 7.691 ; 7.691 ; 7.691 ;
; SW[17]     ; LEDR[9]     ; 7.490 ; 7.490 ; 7.490 ; 7.490 ;
; SW[17]     ; LEDR[10]    ; 7.153 ; 7.153 ; 7.153 ; 7.153 ;
; SW[17]     ; LEDR[11]    ; 7.310 ; 7.310 ; 7.310 ; 7.310 ;
; SW[17]     ; LEDR[12]    ; 7.151 ; 7.151 ; 7.151 ; 7.151 ;
; SW[17]     ; LEDR[13]    ; 7.177 ; 7.177 ; 7.177 ; 7.177 ;
; SW[17]     ; LEDR[14]    ; 7.397 ; 7.397 ; 7.397 ; 7.397 ;
; SW[17]     ; LEDR[15]    ; 7.517 ; 7.517 ; 7.517 ; 7.517 ;
+------------+-------------+-------+-------+-------+-------+


+--------------------------------------------------------------------------------+
; Multicorner Timing Analysis Summary                                            ;
+----------------------+-------+------+----------+---------+---------------------+
; Clock                ; Setup ; Hold ; Recovery ; Removal ; Minimum Pulse Width ;
+----------------------+-------+------+----------+---------+---------------------+
; Worst-case Slack     ; N/A   ; N/A  ; N/A      ; N/A     ; 97.778              ;
;  altera_reserved_tck ; N/A   ; N/A  ; N/A      ; N/A     ; 97.778              ;
; Design-wide TNS      ; 0.0   ; 0.0  ; 0.0      ; 0.0     ; 0.0                 ;
;  altera_reserved_tck ; N/A   ; N/A  ; N/A      ; N/A     ; 0.000               ;
+----------------------+-------+------+----------+---------+---------------------+


+--------------------------------------------------------------+
; Progagation Delay                                            ;
+------------+-------------+--------+--------+--------+--------+
; Input Port ; Output Port ; RR     ; RF     ; FR     ; FF     ;
+------------+-------------+--------+--------+--------+--------+
; SW[11]     ; HEX6[0]     ; 11.259 ; 11.259 ; 11.259 ; 11.259 ;
; SW[11]     ; HEX6[1]     ; 11.472 ; 11.472 ; 11.472 ; 11.472 ;
; SW[11]     ; HEX6[2]     ; 11.440 ; 11.440 ; 11.440 ; 11.440 ;
; SW[11]     ; HEX6[3]     ; 11.284 ; 11.284 ; 11.284 ; 11.284 ;
; SW[11]     ; HEX6[4]     ; 11.285 ; 11.285 ; 11.285 ; 11.285 ;
; SW[11]     ; HEX6[5]     ; 11.698 ; 11.698 ; 11.698 ; 11.698 ;
; SW[11]     ; HEX6[6]     ; 12.115 ; 12.115 ; 12.115 ; 12.115 ;
; SW[12]     ; HEX6[0]     ; 11.424 ; 11.424 ; 11.424 ; 11.424 ;
; SW[12]     ; HEX6[1]     ; 11.637 ; 11.637 ; 11.637 ; 11.637 ;
; SW[12]     ; HEX6[2]     ; 11.605 ; 11.605 ; 11.605 ; 11.605 ;
; SW[12]     ; HEX6[3]     ; 11.449 ; 11.449 ; 11.449 ; 11.449 ;
; SW[12]     ; HEX6[4]     ; 11.450 ; 11.450 ; 11.450 ; 11.450 ;
; SW[12]     ; HEX6[5]     ; 11.863 ; 11.863 ; 11.863 ; 11.863 ;
; SW[12]     ; HEX6[6]     ; 12.280 ; 12.280 ; 12.280 ; 12.280 ;
; SW[13]     ; HEX6[0]     ; 15.769 ; 15.769 ; 15.769 ; 15.769 ;
; SW[13]     ; HEX6[1]     ; 15.982 ; 15.982 ; 15.982 ; 15.982 ;
; SW[13]     ; HEX6[2]     ; 15.979 ; 15.979 ; 15.979 ; 15.979 ;
; SW[13]     ; HEX6[3]     ; 15.780 ; 15.780 ; 15.780 ; 15.780 ;
; SW[13]     ; HEX6[4]     ; 15.787 ; 15.787 ; 15.787 ; 15.787 ;
; SW[13]     ; HEX6[5]     ; 16.200 ; 16.200 ; 16.200 ; 16.200 ;
; SW[13]     ; HEX6[6]     ; 16.618 ; 16.618 ; 16.618 ; 16.618 ;
; SW[14]     ; HEX6[0]     ; 15.427 ; 15.427 ; 15.427 ; 15.427 ;
; SW[14]     ; HEX6[1]     ; 15.640 ; 15.640 ; 15.640 ; 15.640 ;
; SW[14]     ; HEX6[2]     ; 15.637 ; 15.637 ; 15.637 ; 15.637 ;
; SW[14]     ; HEX6[3]     ; 15.438 ; 15.438 ; 15.438 ; 15.438 ;
; SW[14]     ; HEX6[4]     ; 15.445 ; 15.445 ; 15.445 ; 15.445 ;
; SW[14]     ; HEX6[5]     ; 15.858 ; 15.858 ; 15.858 ; 15.858 ;
; SW[14]     ; HEX6[6]     ; 16.276 ; 16.276 ; 16.276 ; 16.276 ;
; SW[15]     ; HEX7[0]     ; 18.649 ; 18.649 ; 18.649 ; 18.649 ;
; SW[15]     ; HEX7[1]     ; 18.635 ; 18.635 ; 18.635 ; 18.635 ;
; SW[15]     ; HEX7[2]     ; 18.616 ; 18.616 ; 18.616 ; 18.616 ;
; SW[15]     ; HEX7[3]     ; 18.623 ; 18.623 ; 18.623 ; 18.623 ;
; SW[15]     ; HEX7[4]     ; 18.605 ; 18.605 ; 18.605 ; 18.605 ;
; SW[15]     ; HEX7[5]     ; 18.908 ; 18.908 ; 18.908 ; 18.908 ;
; SW[15]     ; HEX7[6]     ; 18.921 ; 18.921 ; 18.921 ; 18.921 ;
; SW[15]     ; LEDR[0]     ; 18.354 ; 18.354 ; 18.354 ; 18.354 ;
; SW[15]     ; LEDR[1]     ; 16.557 ; 16.557 ; 16.557 ; 16.557 ;
; SW[15]     ; LEDR[2]     ; 17.694 ; 17.694 ; 17.694 ; 17.694 ;
; SW[15]     ; LEDR[3]     ; 15.157 ; 15.157 ; 15.157 ; 15.157 ;
; SW[15]     ; LEDR[4]     ; 17.541 ; 17.541 ; 17.541 ; 17.541 ;
; SW[15]     ; LEDR[5]     ; 16.394 ; 16.394 ; 16.394 ; 16.394 ;
; SW[15]     ; LEDR[6]     ; 17.787 ; 17.787 ; 17.787 ; 17.787 ;
; SW[15]     ; LEDR[7]     ; 16.887 ; 16.887 ; 16.887 ; 16.887 ;
; SW[15]     ; LEDR[8]     ; 15.556 ; 15.556 ; 15.556 ; 15.556 ;
; SW[15]     ; LEDR[9]     ; 17.249 ; 17.249 ; 17.249 ; 17.249 ;
; SW[15]     ; LEDR[10]    ; 16.125 ; 16.125 ; 16.125 ; 16.125 ;
; SW[15]     ; LEDR[11]    ; 15.668 ; 15.668 ; 15.668 ; 15.668 ;
; SW[15]     ; LEDR[12]    ; 15.916 ; 15.916 ; 15.916 ; 15.916 ;
; SW[15]     ; LEDR[13]    ; 15.228 ; 15.228 ; 15.228 ; 15.228 ;
; SW[15]     ; LEDR[14]    ; 14.822 ; 14.822 ; 14.822 ; 14.822 ;
; SW[15]     ; LEDR[15]    ; 16.945 ; 16.945 ; 16.945 ; 16.945 ;
; SW[16]     ; HEX7[0]     ; 18.479 ; 18.479 ; 18.479 ; 18.479 ;
; SW[16]     ; HEX7[1]     ; 18.465 ; 18.465 ; 18.465 ; 18.465 ;
; SW[16]     ; HEX7[2]     ; 18.446 ; 18.446 ; 18.446 ; 18.446 ;
; SW[16]     ; HEX7[3]     ; 18.453 ; 18.453 ; 18.453 ; 18.453 ;
; SW[16]     ; HEX7[4]     ; 18.435 ; 18.435 ; 18.435 ; 18.435 ;
; SW[16]     ; HEX7[5]     ; 18.738 ; 18.738 ; 18.738 ; 18.738 ;
; SW[16]     ; HEX7[6]     ; 18.751 ; 18.751 ; 18.751 ; 18.751 ;
; SW[16]     ; LEDR[0]     ; 18.181 ; 18.181 ; 18.181 ; 18.181 ;
; SW[16]     ; LEDR[1]     ; 16.289 ; 16.289 ; 16.289 ; 16.289 ;
; SW[16]     ; LEDR[2]     ; 17.524 ; 17.524 ; 17.524 ; 17.524 ;
; SW[16]     ; LEDR[3]     ; 15.260 ; 15.260 ; 15.260 ; 15.260 ;
; SW[16]     ; LEDR[4]     ; 17.384 ; 17.384 ; 17.384 ; 17.384 ;
; SW[16]     ; LEDR[5]     ; 16.495 ; 16.495 ; 16.495 ; 16.495 ;
; SW[16]     ; LEDR[6]     ; 17.150 ; 17.150 ; 17.150 ; 17.150 ;
; SW[16]     ; LEDR[7]     ; 16.626 ; 16.626 ; 16.626 ; 16.626 ;
; SW[16]     ; LEDR[8]     ; 15.400 ; 15.400 ; 15.400 ; 15.400 ;
; SW[16]     ; LEDR[9]     ; 17.160 ; 17.160 ; 17.160 ; 17.160 ;
; SW[16]     ; LEDR[10]    ; 16.041 ; 16.041 ; 16.041 ; 16.041 ;
; SW[16]     ; LEDR[11]    ; 15.404 ; 15.404 ; 15.404 ; 15.404 ;
; SW[16]     ; LEDR[12]    ; 15.833 ; 15.833 ; 15.833 ; 15.833 ;
; SW[16]     ; LEDR[13]    ; 15.144 ; 15.144 ; 15.144 ; 15.144 ;
; SW[16]     ; LEDR[14]    ; 15.338 ; 15.338 ; 15.338 ; 15.338 ;
; SW[16]     ; LEDR[15]    ; 16.852 ; 16.852 ; 16.852 ; 16.852 ;
; SW[17]     ; HEX7[0]     ; 17.272 ; 17.272 ; 17.272 ; 17.272 ;
; SW[17]     ; HEX7[1]     ; 17.258 ; 17.258 ; 17.258 ; 17.258 ;
; SW[17]     ; HEX7[2]     ; 17.239 ; 17.239 ; 17.239 ; 17.239 ;
; SW[17]     ; HEX7[3]     ; 17.246 ; 17.246 ; 17.246 ; 17.246 ;
; SW[17]     ; HEX7[4]     ; 17.228 ; 17.228 ; 17.228 ; 17.228 ;
; SW[17]     ; HEX7[5]     ; 17.531 ; 17.531 ; 17.531 ; 17.531 ;
; SW[17]     ; HEX7[6]     ; 17.544 ; 17.544 ; 17.544 ; 17.544 ;
; SW[17]     ; LEDR[0]     ; 16.975 ; 16.975 ; 16.975 ; 16.975 ;
; SW[17]     ; LEDR[1]     ; 15.317 ; 15.317 ; 15.317 ; 15.317 ;
; SW[17]     ; LEDR[2]     ; 16.317 ; 16.317 ; 16.317 ; 16.317 ;
; SW[17]     ; LEDR[3]     ; 15.004 ; 15.004 ; 15.004 ; 15.004 ;
; SW[17]     ; LEDR[4]     ; 16.497 ; 16.497 ; 16.497 ; 16.497 ;
; SW[17]     ; LEDR[5]     ; 16.241 ; 16.241 ; 16.241 ; 16.241 ;
; SW[17]     ; LEDR[6]     ; 15.752 ; 15.752 ; 15.752 ; 15.752 ;
; SW[17]     ; LEDR[7]     ; 15.992 ; 15.992 ; 15.992 ; 15.992 ;
; SW[17]     ; LEDR[8]     ; 14.649 ; 14.649 ; 14.649 ; 14.649 ;
; SW[17]     ; LEDR[9]     ; 14.983 ; 14.983 ; 14.983 ; 14.983 ;
; SW[17]     ; LEDR[10]    ; 14.054 ; 14.054 ; 14.054 ; 14.054 ;
; SW[17]     ; LEDR[11]    ; 14.805 ; 14.805 ; 14.805 ; 14.805 ;
; SW[17]     ; LEDR[12]    ; 14.642 ; 14.642 ; 14.642 ; 14.642 ;
; SW[17]     ; LEDR[13]    ; 13.790 ; 13.790 ; 13.790 ; 13.790 ;
; SW[17]     ; LEDR[14]    ; 14.269 ; 14.269 ; 14.269 ; 14.269 ;
; SW[17]     ; LEDR[15]    ; 15.775 ; 15.775 ; 15.775 ; 15.775 ;
+------------+-------------+--------+--------+--------+--------+


+----------------------------------------------------------+
; Minimum Progagation Delay                                ;
+------------+-------------+-------+-------+-------+-------+
; Input Port ; Output Port ; RR    ; RF    ; FR    ; FF    ;
+------------+-------------+-------+-------+-------+-------+
; SW[11]     ; HEX6[0]     ; 3.953 ; 3.953 ; 3.953 ; 3.953 ;
; SW[11]     ; HEX6[1]     ; 4.044 ; 4.044 ; 4.044 ; 4.044 ;
; SW[11]     ; HEX6[2]     ; 4.052 ; 4.052 ; 4.052 ; 4.052 ;
; SW[11]     ; HEX6[3]     ; 3.967 ; 3.967 ; 3.967 ; 3.967 ;
; SW[11]     ; HEX6[4]     ; 3.966 ; 3.966 ; 3.966 ; 3.966 ;
; SW[11]     ; HEX6[5]     ; 4.134 ; 4.134 ; 4.134 ; 4.134 ;
; SW[11]     ; HEX6[6]     ; 4.326 ; 4.326 ; 4.326 ; 4.326 ;
; SW[12]     ; HEX6[0]     ; 3.991 ; 3.991 ; 3.991 ; 3.991 ;
; SW[12]     ; HEX6[1]     ; 4.082 ; 4.082 ; 4.082 ; 4.082 ;
; SW[12]     ; HEX6[2]     ; 4.086 ; 4.086 ; 4.086 ; 4.086 ;
; SW[12]     ; HEX6[3]     ; 4.009 ; 4.009 ; 4.009 ; 4.009 ;
; SW[12]     ; HEX6[4]     ; 4.008 ; 4.008 ; 4.008 ; 4.008 ;
; SW[12]     ; HEX6[5]     ; 4.179 ; 4.179 ; 4.179 ; 4.179 ;
; SW[12]     ; HEX6[6]     ; 4.368 ; 4.368 ; 4.368 ; 4.368 ;
; SW[13]     ; HEX6[0]     ; 6.630 ; 6.630 ; 6.630 ; 6.630 ;
; SW[13]     ; HEX6[1]     ; 6.721 ; 6.721 ; 6.721 ; 6.721 ;
; SW[13]     ; HEX6[2]     ; 6.723 ; 6.723 ; 6.723 ; 6.723 ;
; SW[13]     ; HEX6[3]     ; 6.653 ; 6.653 ; 6.653 ; 6.653 ;
; SW[13]     ; HEX6[4]     ; 6.652 ; 6.652 ; 6.652 ; 6.652 ;
; SW[13]     ; HEX6[5]     ; 6.821 ; 6.821 ; 6.821 ; 6.821 ;
; SW[13]     ; HEX6[6]     ; 7.013 ; 7.013 ; 7.013 ; 7.013 ;
; SW[14]     ; HEX6[0]     ; 7.121 ; 7.121 ; 7.121 ; 7.121 ;
; SW[14]     ; HEX6[1]     ; 7.213 ; 7.213 ; 7.213 ; 7.213 ;
; SW[14]     ; HEX6[2]     ; 7.213 ; 7.213 ; 7.213 ; 7.213 ;
; SW[14]     ; HEX6[3]     ; 7.146 ; 7.146 ; 7.146 ; 7.146 ;
; SW[14]     ; HEX6[4]     ; 7.144 ; 7.144 ; 7.144 ; 7.144 ;
; SW[14]     ; HEX6[5]     ; 7.320 ; 7.320 ; 7.320 ; 7.320 ;
; SW[14]     ; HEX6[6]     ; 7.504 ; 7.504 ; 7.504 ; 7.504 ;
; SW[15]     ; HEX7[0]     ; 7.768 ; 7.768 ; 7.768 ; 7.768 ;
; SW[15]     ; HEX7[1]     ; 7.773 ; 7.773 ; 7.773 ; 7.773 ;
; SW[15]     ; HEX7[2]     ; 7.739 ; 7.739 ; 7.739 ; 7.739 ;
; SW[15]     ; HEX7[3]     ; 7.743 ; 7.743 ; 7.743 ; 7.743 ;
; SW[15]     ; HEX7[4]     ; 7.743 ; 7.743 ; 7.743 ; 7.743 ;
; SW[15]     ; HEX7[5]     ; 7.900 ; 7.900 ; 7.900 ; 7.900 ;
; SW[15]     ; HEX7[6]     ; 7.894 ; 7.894 ; 7.894 ; 7.894 ;
; SW[15]     ; LEDR[0]     ; 8.883 ; 8.883 ; 8.883 ; 8.883 ;
; SW[15]     ; LEDR[1]     ; 8.040 ; 8.040 ; 8.040 ; 8.040 ;
; SW[15]     ; LEDR[2]     ; 8.412 ; 8.412 ; 8.412 ; 8.412 ;
; SW[15]     ; LEDR[3]     ; 7.501 ; 7.501 ; 7.501 ; 7.501 ;
; SW[15]     ; LEDR[4]     ; 8.663 ; 8.663 ; 8.663 ; 8.663 ;
; SW[15]     ; LEDR[5]     ; 8.308 ; 8.308 ; 8.308 ; 8.308 ;
; SW[15]     ; LEDR[6]     ; 8.170 ; 8.170 ; 8.170 ; 8.170 ;
; SW[15]     ; LEDR[7]     ; 8.095 ; 8.095 ; 8.095 ; 8.095 ;
; SW[15]     ; LEDR[8]     ; 7.732 ; 7.732 ; 7.732 ; 7.732 ;
; SW[15]     ; LEDR[9]     ; 7.991 ; 7.991 ; 7.991 ; 7.991 ;
; SW[15]     ; LEDR[10]    ; 7.526 ; 7.526 ; 7.526 ; 7.526 ;
; SW[15]     ; LEDR[11]    ; 7.550 ; 7.550 ; 7.550 ; 7.550 ;
; SW[15]     ; LEDR[12]    ; 7.750 ; 7.750 ; 7.750 ; 7.750 ;
; SW[15]     ; LEDR[13]    ; 7.336 ; 7.336 ; 7.336 ; 7.336 ;
; SW[15]     ; LEDR[14]    ; 7.579 ; 7.579 ; 7.579 ; 7.579 ;
; SW[15]     ; LEDR[15]    ; 8.330 ; 8.330 ; 8.330 ; 8.330 ;
; SW[16]     ; HEX7[0]     ; 7.744 ; 7.744 ; 7.744 ; 7.744 ;
; SW[16]     ; HEX7[1]     ; 7.739 ; 7.739 ; 7.739 ; 7.739 ;
; SW[16]     ; HEX7[2]     ; 7.712 ; 7.712 ; 7.712 ; 7.712 ;
; SW[16]     ; HEX7[3]     ; 7.715 ; 7.715 ; 7.715 ; 7.715 ;
; SW[16]     ; HEX7[4]     ; 7.710 ; 7.710 ; 7.710 ; 7.710 ;
; SW[16]     ; HEX7[5]     ; 7.869 ; 7.869 ; 7.869 ; 7.869 ;
; SW[16]     ; HEX7[6]     ; 7.865 ; 7.865 ; 7.865 ; 7.865 ;
; SW[16]     ; LEDR[0]     ; 7.837 ; 7.837 ; 7.837 ; 7.837 ;
; SW[16]     ; LEDR[1]     ; 7.663 ; 7.663 ; 7.663 ; 7.663 ;
; SW[16]     ; LEDR[2]     ; 7.985 ; 7.985 ; 7.985 ; 7.985 ;
; SW[16]     ; LEDR[3]     ; 7.563 ; 7.563 ; 7.563 ; 7.563 ;
; SW[16]     ; LEDR[4]     ; 8.134 ; 8.134 ; 8.134 ; 8.134 ;
; SW[16]     ; LEDR[5]     ; 8.385 ; 8.385 ; 8.385 ; 8.385 ;
; SW[16]     ; LEDR[6]     ; 8.105 ; 8.105 ; 8.105 ; 8.105 ;
; SW[16]     ; LEDR[7]     ; 8.121 ; 8.121 ; 8.121 ; 8.121 ;
; SW[16]     ; LEDR[8]     ; 7.569 ; 7.569 ; 7.569 ; 7.569 ;
; SW[16]     ; LEDR[9]     ; 7.368 ; 7.368 ; 7.368 ; 7.368 ;
; SW[16]     ; LEDR[10]    ; 7.031 ; 7.031 ; 7.031 ; 7.031 ;
; SW[16]     ; LEDR[11]    ; 7.188 ; 7.188 ; 7.188 ; 7.188 ;
; SW[16]     ; LEDR[12]    ; 7.029 ; 7.029 ; 7.029 ; 7.029 ;
; SW[16]     ; LEDR[13]    ; 7.055 ; 7.055 ; 7.055 ; 7.055 ;
; SW[16]     ; LEDR[14]    ; 7.275 ; 7.275 ; 7.275 ; 7.275 ;
; SW[16]     ; LEDR[15]    ; 7.395 ; 7.395 ; 7.395 ; 7.395 ;
; SW[17]     ; HEX7[0]     ; 7.866 ; 7.866 ; 7.866 ; 7.866 ;
; SW[17]     ; HEX7[1]     ; 7.861 ; 7.861 ; 7.861 ; 7.861 ;
; SW[17]     ; HEX7[2]     ; 7.834 ; 7.834 ; 7.834 ; 7.834 ;
; SW[17]     ; HEX7[3]     ; 7.837 ; 7.837 ; 7.837 ; 7.837 ;
; SW[17]     ; HEX7[4]     ; 7.832 ; 7.832 ; 7.832 ; 7.832 ;
; SW[17]     ; HEX7[5]     ; 7.991 ; 7.991 ; 7.991 ; 7.991 ;
; SW[17]     ; HEX7[6]     ; 7.987 ; 7.987 ; 7.987 ; 7.987 ;
; SW[17]     ; LEDR[0]     ; 7.959 ; 7.959 ; 7.959 ; 7.959 ;
; SW[17]     ; LEDR[1]     ; 7.785 ; 7.785 ; 7.785 ; 7.785 ;
; SW[17]     ; LEDR[2]     ; 8.107 ; 8.107 ; 8.107 ; 8.107 ;
; SW[17]     ; LEDR[3]     ; 7.685 ; 7.685 ; 7.685 ; 7.685 ;
; SW[17]     ; LEDR[4]     ; 8.256 ; 8.256 ; 8.256 ; 8.256 ;
; SW[17]     ; LEDR[5]     ; 8.507 ; 8.507 ; 8.507 ; 8.507 ;
; SW[17]     ; LEDR[6]     ; 8.156 ; 8.156 ; 8.156 ; 8.156 ;
; SW[17]     ; LEDR[7]     ; 8.243 ; 8.243 ; 8.243 ; 8.243 ;
; SW[17]     ; LEDR[8]     ; 7.691 ; 7.691 ; 7.691 ; 7.691 ;
; SW[17]     ; LEDR[9]     ; 7.490 ; 7.490 ; 7.490 ; 7.490 ;
; SW[17]     ; LEDR[10]    ; 7.153 ; 7.153 ; 7.153 ; 7.153 ;
; SW[17]     ; LEDR[11]    ; 7.310 ; 7.310 ; 7.310 ; 7.310 ;
; SW[17]     ; LEDR[12]    ; 7.151 ; 7.151 ; 7.151 ; 7.151 ;
; SW[17]     ; LEDR[13]    ; 7.177 ; 7.177 ; 7.177 ; 7.177 ;
; SW[17]     ; LEDR[14]    ; 7.397 ; 7.397 ; 7.397 ; 7.397 ;
; SW[17]     ; LEDR[15]    ; 7.517 ; 7.517 ; 7.517 ; 7.517 ;
+------------+-------------+-------+-------+-------+-------+


-------------------
; Clock Transfers ;
-------------------
Nothing to report.


---------------
; Report TCCS ;
---------------
No dedicated SERDES Transmitter circuitry present in device or used in design


---------------
; Report RSKM ;
---------------
No dedicated SERDES Receiver circuitry present in device or used in design


+------------------------------------------------+
; Unconstrained Paths                            ;
+---------------------------------+-------+------+
; Property                        ; Setup ; Hold ;
+---------------------------------+-------+------+
; Illegal Clocks                  ; 0     ; 0    ;
; Unconstrained Clocks            ; 3     ; 3    ;
; Unconstrained Input Ports       ; 9     ; 9    ;
; Unconstrained Input Port Paths  ; 367   ; 367  ;
; Unconstrained Output Ports      ; 81    ; 81   ;
; Unconstrained Output Port Paths ; 1261  ; 1261 ;
+---------------------------------+-------+------+


+------------------------------------+
; TimeQuest Timing Analyzer Messages ;
+------------------------------------+
Info: *******************************************************************
Info: Running Quartus II 64-Bit TimeQuest Timing Analyzer
    Info: Version 13.0.1 Build 232 06/12/2013 Service Pack 1 SJ Full Version
    Info: Processing started: Thu Nov 12 07:44:29 2015
Info: Command: quartus_sta Mips -c Mips
Info: qsta_default_script.tcl version: #1
Info (11104): Parallel Compilation has detected 4 hyper-threaded processors. However, the extra hyper-threaded processors will not be used by default. Parallel Compilation will use 2 of the 2 physical processors detected instead.
Info (21077): Low junction temperature is 0 degrees C
Info (21077): High junction temperature is 85 degrees C
Warning (335093): TimeQuest Timing Analyzer is analyzing 3 combinational loops as latches.
Info (332164): Evaluating HDL-embedded SDC commands
    Info (332165): Entity sld_jtag_hub
        Info (332166): create_clock -name altera_reserved_tck [get_ports {altera_reserved_tck}] -period 10MHz   
        Info (332166): set_clock_groups -asynchronous -group {altera_reserved_tck}
Critical Warning (332012): Synopsys Design Constraints File file not found: 'Mips.sdc'. A Synopsys Design Constraints File is required by the TimeQuest Timing Analyzer to get proper timing constraints. Without it, the Compiler will not properly optimize the design.
Warning (332060): Node: KEY[1] was determined to be a clock but was found without an associated clock assignment.
Warning (332060): Node: fetch_id_reg:fe_id_reg|inst_out_reg[14] was determined to be a clock but was found without an associated clock assignment.
Warning (332060): Node: CLOCK_50 was determined to be a clock but was found without an associated clock assignment.
Info: Found TIMEQUEST_REPORT_SCRIPT_INCLUDE_DEFAULT_ANALYSIS = ON
Info: Analyzing Slow Model
Info (332140): No fmax paths to report
Info (332140): No Setup paths to report
Info (332140): No Hold paths to report
Info (332140): No Recovery paths to report
Info (332140): No Removal paths to report
Info (332146): Worst-case minimum pulse width slack is 97.778
    Info (332119):     Slack End Point TNS Clock 
    Info (332119): ========= ============= =====================
    Info (332119):    97.778         0.000 altera_reserved_tck 
Info (332001): The selected device family is not supported by the report_metastability command.
Info: Analyzing Fast Model
Warning (332060): Node: KEY[1] was determined to be a clock but was found without an associated clock assignment.
Warning (332060): Node: fetch_id_reg:fe_id_reg|inst_out_reg[14] was determined to be a clock but was found without an associated clock assignment.
Warning (332060): Node: CLOCK_50 was determined to be a clock but was found without an associated clock assignment.
Info (332140): No Setup paths to report
Info (332140): No Hold paths to report
Info (332140): No Recovery paths to report
Info (332140): No Removal paths to report
Info (332146): Worst-case minimum pulse width slack is 97.778
    Info (332119):     Slack End Point TNS Clock 
    Info (332119): ========= ============= =====================
    Info (332119):    97.778         0.000 altera_reserved_tck 
Info (332001): The selected device family is not supported by the report_metastability command.
Info (332102): Design is not fully constrained for setup requirements
Info (332102): Design is not fully constrained for hold requirements
Info: Quartus II 64-Bit TimeQuest Timing Analyzer was successful. 0 errors, 8 warnings
    Info: Peak virtual memory: 572 megabytes
    Info: Processing ended: Thu Nov 12 07:44:31 2015
    Info: Elapsed time: 00:00:02
    Info: Total CPU time (on all processors): 00:00:01


