------------------------------------------------------------
TimeQuest Timing Analyzer Summary
------------------------------------------------------------

Type  : Slow Model Setup 'KEY[1]'
Slack : -5.387
TNS   : -547.039

Type  : Slow Model Setup 'fetch_id_reg:fe_id_reg|inst_out_reg[3]'
Slack : -2.797
TNS   : -26.607

Type  : Slow Model Setup 'pc:p1|counter[1]'
Slack : -2.584
TNS   : -23.544

Type  : Slow Model Setup 'fetch_id_reg:fe_id_reg|inst_out_reg[7]'
Slack : -2.216
TNS   : -11.812

Type  : Slow Model Setup 'pc:p1|counter[10]'
Slack : -2.210
TNS   : -27.593

Type  : Slow Model Setup 'register:mem_wb|out[5]'
Slack : -1.936
TNS   : -10.543

Type  : Slow Model Setup 'fetch_id_reg:fe_id_reg|inst_out_reg[12]'
Slack : -1.344
TNS   : -2.412

Type  : Slow Model Setup 'SW[15]'
Slack : -0.463
TNS   : -1.881

Type  : Slow Model Hold 'SW[15]'
Slack : -5.089
TNS   : -34.671

Type  : Slow Model Hold 'fetch_id_reg:fe_id_reg|inst_out_reg[7]'
Slack : -4.085
TNS   : -26.425

Type  : Slow Model Hold 'fetch_id_reg:fe_id_reg|inst_out_reg[3]'
Slack : -3.562
TNS   : -48.244

Type  : Slow Model Hold 'pc:p1|counter[1]'
Slack : -3.398
TNS   : -44.423

Type  : Slow Model Hold 'pc:p1|counter[10]'
Slack : -3.319
TNS   : -39.215

Type  : Slow Model Hold 'fetch_id_reg:fe_id_reg|inst_out_reg[12]'
Slack : -2.908
TNS   : -7.357

Type  : Slow Model Hold 'register:mem_wb|out[5]'
Slack : -2.594
TNS   : -15.697

Type  : Slow Model Hold 'KEY[1]'
Slack : -2.436
TNS   : -69.342

Type  : Slow Model Minimum Pulse Width 'KEY[1]'
Slack : -1.222
TNS   : -221.222

Type  : Slow Model Minimum Pulse Width 'SW[15]'
Slack : -1.222
TNS   : -51.272

Type  : Slow Model Minimum Pulse Width 'fetch_id_reg:fe_id_reg|inst_out_reg[3]'
Slack : 0.095
TNS   : 0.000

Type  : Slow Model Minimum Pulse Width 'pc:p1|counter[1]'
Slack : 0.100
TNS   : 0.000

Type  : Slow Model Minimum Pulse Width 'fetch_id_reg:fe_id_reg|inst_out_reg[7]'
Slack : 0.186
TNS   : 0.000

Type  : Slow Model Minimum Pulse Width 'fetch_id_reg:fe_id_reg|inst_out_reg[12]'
Slack : 0.500
TNS   : 0.000

Type  : Slow Model Minimum Pulse Width 'pc:p1|counter[10]'
Slack : 0.500
TNS   : 0.000

Type  : Slow Model Minimum Pulse Width 'register:mem_wb|out[5]'
Slack : 0.500
TNS   : 0.000

Type  : Fast Model Setup 'KEY[1]'
Slack : -1.754
TNS   : -147.782

Type  : Fast Model Setup 'fetch_id_reg:fe_id_reg|inst_out_reg[3]'
Slack : -1.000
TNS   : -7.521

Type  : Fast Model Setup 'pc:p1|counter[1]'
Slack : -0.869
TNS   : -6.598

Type  : Fast Model Setup 'fetch_id_reg:fe_id_reg|inst_out_reg[7]'
Slack : -0.706
TNS   : -3.176

Type  : Fast Model Setup 'pc:p1|counter[10]'
Slack : -0.669
TNS   : -8.101

Type  : Fast Model Setup 'register:mem_wb|out[5]'
Slack : -0.535
TNS   : -2.341

Type  : Fast Model Setup 'fetch_id_reg:fe_id_reg|inst_out_reg[12]'
Slack : -0.332
TNS   : -0.578

Type  : Fast Model Setup 'SW[15]'
Slack : 0.273
TNS   : 0.000

Type  : Fast Model Hold 'SW[15]'
Slack : -2.609
TNS   : -17.877

Type  : Fast Model Hold 'fetch_id_reg:fe_id_reg|inst_out_reg[7]'
Slack : -2.163
TNS   : -14.192

Type  : Fast Model Hold 'fetch_id_reg:fe_id_reg|inst_out_reg[3]'
Slack : -1.947
TNS   : -26.613

Type  : Fast Model Hold 'pc:p1|counter[10]'
Slack : -1.880
TNS   : -22.690

Type  : Fast Model Hold 'pc:p1|counter[1]'
Slack : -1.863
TNS   : -24.297

Type  : Fast Model Hold 'fetch_id_reg:fe_id_reg|inst_out_reg[12]'
Slack : -1.628
TNS   : -4.241

Type  : Fast Model Hold 'register:mem_wb|out[5]'
Slack : -1.523
TNS   : -9.561

Type  : Fast Model Hold 'KEY[1]'
Slack : -1.415
TNS   : -56.595

Type  : Fast Model Minimum Pulse Width 'KEY[1]'
Slack : -1.222
TNS   : -221.222

Type  : Fast Model Minimum Pulse Width 'SW[15]'
Slack : -1.222
TNS   : -9.178

Type  : Fast Model Minimum Pulse Width 'fetch_id_reg:fe_id_reg|inst_out_reg[3]'
Slack : 0.313
TNS   : 0.000

Type  : Fast Model Minimum Pulse Width 'pc:p1|counter[1]'
Slack : 0.341
TNS   : 0.000

Type  : Fast Model Minimum Pulse Width 'fetch_id_reg:fe_id_reg|inst_out_reg[7]'
Slack : 0.345
TNS   : 0.000

Type  : Fast Model Minimum Pulse Width 'fetch_id_reg:fe_id_reg|inst_out_reg[12]'
Slack : 0.500
TNS   : 0.000

Type  : Fast Model Minimum Pulse Width 'pc:p1|counter[10]'
Slack : 0.500
TNS   : 0.000

Type  : Fast Model Minimum Pulse Width 'register:mem_wb|out[5]'
Slack : 0.500
TNS   : 0.000

------------------------------------------------------------
